{
  "execute": {
    "contract_addr": "cosmwasm10yjnqzs0nxzpesqmzfv006q9fwgu833xme5kuu60tuan72n77j8qvem39j",
    "msg": "eyJ1bmF1dGhvcml6ZV9jYWxsZXJzIjp7ImNvbnRyYWN0cyI6eyJjb3Ntd2FzbTFxaDNoc3pybnQ0YXo5N3Ywemg0azduOG15dDBxaDdrMzlsN240aGtlNTZkbmszeXd4bnlxamp3NDV5IjoiZXRoZXJldW0ifX19",
    "funds": []
  }
}