[
  {
    "execute": {
      "contract_addr": "cosmwasm10yjnqzs0nxzpesqmzfv006q9fwgu833xme5kuu60tuan72n77j8qvem39j",
      "msg": "eyJzdWJtaXRfc2lnbmF0dXJlIjp7InNlc3Npb25faWQiOiIxIiwic2lnbmF0dXJlIjoiNDRhYmUzMTE0NDJhMGNjMTg5ZTBmOTUwMzAwMWQyZmNmNThiZTNjYzQwNTY0NzgzZWI0NmRjN2E4MTc3ZGY5NjQ4ZjI3ZmRlMjlmOGQ5MzdiYjdhNWFiYjcyZWVhOWVkYTdlZjk2YzQ2OTYyZmM1ZmYzODY2NjYyNjNmY2UxZTEifX0=",
      "funds": []
    }
  },
  {
    "execute": {
      "contract_addr": "cosmwasm10yjnqzs0nxzpesqmzfv006q9fwgu833xme5kuu60tuan72n77j8qvem39j",
      "msg": "eyJzdWJtaXRfc2lnbmF0dXJlIjp7InNlc3Npb25faWQiOiIxIiwic2lnbmF0dXJlIjoiMDA0MmI5Y2JjNGM3NWI4ZjFhNTYxMDA2NmU0NGU0YWQyYzY3MDBmMjlhNzQ1MDFjZmI4ZjllYTZmYWIzMzBmZDFlMjY1Yzk4NTExNWM2OTMxOTM4OTVlNmZmMGY1N2E1NTExYzhiYzljNWUyMzZiYmZiNDc0ZGNkMDlkZGVlMjQifX0=",
      "funds": []
    }
  },
  {
    "execute": {
      "contract_addr": "cosmwasm10yjnqzs0nxzpesqmzfv006q9fwgu833xme5kuu60tuan72n77j8qvem39j",
      "msg": "eyJzdWJtaXRfc2lnbmF0dXJlIjp7InNlc3Npb25faWQiOiIxIiwic2lnbmF0dXJlIjoiOWFiODIwNTA3YTU0ZjQyMjdmZDgyMzAyNDliNWFlMDM4ZDQwZDIwNjYyOGQxMDVjNTI2YTJiNzk3NzUxNTkwYzQ0YjE0ZjMwYWI2MWU0NzEzMTcxNjc3NGJkMjI4MWZhZTdhMWQyOWE0ZjQzNjViMmIzYTkzYzdmYmQ3YjQ5OTAifX0=",
      "funds": []
    }
  },
  {
    "execute": {
      "contract_addr": "cosmwasm10yjnqzs0nxzpesqmzfv006q9fwgu833xme5kuu60tuan72n77j8qvem39j",
      "msg": "eyJzdWJtaXRfc2lnbmF0dXJlIjp7InNlc3Npb25faWQiOiIyIiwic2lnbmF0dXJlIjoiNzJiOWE5OWQyNGNlYzg0YjkxYjMwMDA4NWE0Nzc4ZTQ4MDI4YWQ3ZjYxMzFlODRlZjFhYTA3MjM4ZDgxODgwZjc5ODc4MDQ3NzQ5MmNjMjc0NDBjNDA4ZWE5ZTI5ZGRmNTkwODVhMjI1ZmE3OTBiYjJmYmNmZWQ2MTJlMzdiMDAifX0=",
      "funds": []
    }
  },
  {
    "execute": {
      "contract_addr": "cosmwasm10yjnqzs0nxzpesqmzfv006q9fwgu833xme5kuu60tuan72n77j8qvem39j",
      "msg": "eyJzdWJtaXRfc2lnbmF0dXJlIjp7InNlc3Npb25faWQiOiIyIiwic2lnbmF0dXJlIjoiYTJkNzMxMDNjNzRiMzNiZDlhNWEwOTBiNjdiZWZmOWIzZDQ1YzFkNjEyNjE3ZDdhYjZiNWYyNzk0OTUzNjUzOTFhNWJmZTY5MDBkNDM0YTdhNzJmOTNmZDZlY2I4MGViZjY0ZDFmZWQyYzUyMDQyY2U4ZTg3YTMyZTJhOTFiMDQifX0=",
      "funds": []
    }
  },
  {
    "execute": {
      "contract_addr": "cosmwasm10yjnqzs0nxzpesqmzfv006q9fwgu833xme5kuu60tuan72n77j8qvem39j",
      "msg": "eyJzdWJtaXRfc2lnbmF0dXJlIjp7InNlc3Npb25faWQiOiIyIiwic2lnbmF0dXJlIjoiZTU0NDY2ODk5MmI1NjBjYTg0M2JlNmViNDFjOWZjODliNzFlMjU3MTkyZTA5YjJiNmMxYmZlNjhiMjBiYTc0MWJmYjZkMTM5MDViZmM0ZmI3OWU5YzE0NzJiNDI3NGY5NWFkZWQ3YjM0NzRiNmRmMzFhNmM5ZThlYzAzZWI0MDMifX0=",
      "funds": []
    }
  },
  {
    "execute": {
      "contract_addr": "cosmwasm10yjnqzs0nxzpesqmzfv006q9fwgu833xme5kuu60tuan72n77j8qvem39j",
      "msg": "eyJzdWJtaXRfc2lnbmF0dXJlIjp7InNlc3Npb25faWQiOiIzIiwic2lnbmF0dXJlIjoiNzk2ZWNiZTM0N2U2Yjc2ODVmZTdkMDc0MWJiYjA2NDUyMDMxMmYxOTY5MGNlZjhlOTE0Y2JjNmU4MDlhYmQwMDU1MzRlM2MwYTg5ZmM4MmM5NzUwNTFjODBlY2YyZjhmNzNlZWJmYWVmY2VjM2E0ODhiYTQzNjI3N2I2MzhjMDMxNGJkZDY1YzIwNjlmZDU0ZjdiZTAyNjg4YjY0M2RkNjY3MTdhNGE2OTgxMjUxMmQ2MTYzZjRiZDZmMzRkZjAxMDU1M2M0YzEzMGU5OGYzZGQyNzVmNWQ1NDYyZDUwNzhkODNlYWM0OTBhMWY4ZDAyODA5NGMwODNlNDBlMWUwMCJ9fQ==",
      "funds": []
    }
  },
  {
    "execute": {
      "contract_addr": "cosmwasm10yjnqzs0nxzpesqmzfv006q9fwgu833xme5kuu60tuan72n77j8qvem39j",
      "msg": "eyJzdWJtaXRfc2lnbmF0dXJlIjp7InNlc3Npb25faWQiOiIzIiwic2lnbmF0dXJlIjoiZGU0Yjc1MTc5M2M3OTkyODU1NGY3NmUwMmNkOTRmYjA1MjNkYTA1ZmMxYzFkNmM1ZmVkZmMxMjVjZDc4MmYwMGQ5ZjQ2MmIxNjc2MmUxZWM5YTNkNTRiMDc4NzVjYTg1OGE1NGU2NWY1YTRmMWI1YzE3NTBmMWM1NjUzODRiMDEyOTgxYjc4NGIwYzQxYWUzYjNiMDBiMWY5Y2E1NDJhMjdjZWNlNGY5NDZkMDllMWQ2MjM2ZjNiMDlmMjNjMDA0ZmYyMWRkNDEyMTI4NTVlOWNkN2JlNzk5MjgxOGUzOWQ0MWYzMDUxZjYzZGQzOWYzYTdmZTc1YmI4NGM2OTAwYyJ9fQ==",
      "funds": []
    }
  },
  {
    "execute": {
      "contract_addr": "cosmwasm10yjnqzs0nxzpesqmzfv006q9fwgu833xme5kuu60tuan72n77j8qvem39j",
      "msg": "eyJzdWJtaXRfc2lnbmF0dXJlIjp7InNlc3Npb25faWQiOiIzIiwic2lnbmF0dXJlIjoiYTY2ZWI0YzYyOWI3MDJiNTY2YmY5MzllNTczMTI1ZmVmMGNkMDc0N2Q5MzFlMTQyZGY2NDA2YjdjNTk4M2EwMTZiNjBkN2JmOWU1NWQxYzdhNmFjNTA3ODIwZDkwMWViNTk2OGJlOGI0YTRjMDNlNTk3ZDY0NWZmOTJmMTQzMDQ5YTA3N2NkODYxNWRhZmM0ODQ3YmZhMDVjNTBiOTc1YWJjYWU3ODgwZjE3YTA2MzE3YjhkOTE5MjdjODNiZjA1ZTI3YzVhMTBlMWMwODJmMDZjZTA4MTI5ZmI5Y2I3OTk1YTI1OGEzOTBiYmE3MWE4YmVlYTg4YjM0MmNhOTgxMCJ9fQ==",
      "funds": []
    }
  }
]