{
  "execute": {
    "contract_addr": "cosmwasm10yjnqzs0nxzpesqmzfv006q9fwgu833xme5kuu60tuan72n77j8qvem39j",
    "msg": "eyJhdXRob3JpemVfY2FsbGVycyI6eyJjb250cmFjdHMiOnsiY29zbXdhc20xcWgzaHN6cm50NGF6OTd2MHpoNGs3bjhteXQwcWg3azM5bDduNGhrZTU2ZG5rM3l3eG55cWpqdzQ1eSI6ImV0aGVyZXVtIn19fQ==",
    "funds": []
  }
}