[
  {
    "execute": {
      "contract_addr": "cosmwasm10yjnqzs0nxzpesqmzfv006q9fwgu833xme5kuu60tuan72n77j8qvem39j",
      "msg": "eyJzdWJtaXRfc2lnbmF0dXJlIjp7InNlc3Npb25faWQiOiIxIiwic2lnbmF0dXJlIjoiNDRhYmUzMTE0NDJhMGNjMTg5ZTBmOTUwMzAwMWQyZmNmNThiZTNjYzQwNTY0NzgzZWI0NmRjN2E4MTc3ZGY5NjQ4ZjI3ZmRlMjlmOGQ5MzdiYjdhNWFiYjcyZWVhOWVkYTdlZjk2YzQ2OTYyZmM1ZmYzODY2NjYyNjNmY2UxZTEifX0=",
      "funds": []
    }
  },
  {
    "execute": {
      "contract_addr": "cosmwasm10yjnqzs0nxzpesqmzfv006q9fwgu833xme5kuu60tuan72n77j8qvem39j",
      "msg": "eyJzdWJtaXRfc2lnbmF0dXJlIjp7InNlc3Npb25faWQiOiIxIiwic2lnbmF0dXJlIjoiMDA0MmI5Y2JjNGM3NWI4ZjFhNTYxMDA2NmU0NGU0YWQyYzY3MDBmMjlhNzQ1MDFjZmI4ZjllYTZmYWIzMzBmZDFlMjY1Yzk4NTExNWM2OTMxOTM4OTVlNmZmMGY1N2E1NTExYzhiYzljNWUyMzZiYmZiNDc0ZGNkMDlkZGVlMjQifX0=",
      "funds": []
    }
  },
  {
    "execute": {
      "contract_addr": "cosmwasm10yjnqzs0nxzpesqmzfv006q9fwgu833xme5kuu60tuan72n77j8qvem39j",
      "msg": "eyJzdWJtaXRfc2lnbmF0dXJlIjp7InNlc3Npb25faWQiOiIxIiwic2lnbmF0dXJlIjoiOWFiODIwNTA3YTU0ZjQyMjdmZDgyMzAyNDliNWFlMDM4ZDQwZDIwNjYyOGQxMDVjNTI2YTJiNzk3NzUxNTkwYzQ0YjE0ZjMwYWI2MWU0NzEzMTcxNjc3NGJkMjI4MWZhZTdhMWQyOWE0ZjQzNjViMmIzYTkzYzdmYmQ3YjQ5OTAifX0=",
      "funds": []
    }
  },
  {
    "execute": {
      "contract_addr": "cosmwasm10yjnqzs0nxzpesqmzfv006q9fwgu833xme5kuu60tuan72n77j8qvem39j",
      "msg": "eyJzdWJtaXRfc2lnbmF0dXJlIjp7InNlc3Npb25faWQiOiIyIiwic2lnbmF0dXJlIjoiNzJiOWE5OWQyNGNlYzg0YjkxYjMwMDA4NWE0Nzc4ZTQ4MDI4YWQ3ZjYxMzFlODRlZjFhYTA3MjM4ZDgxODgwZjc5ODc4MDQ3NzQ5MmNjMjc0NDBjNDA4ZWE5ZTI5ZGRmNTkwODVhMjI1ZmE3OTBiYjJmYmNmZWQ2MTJlMzdiMDAifX0=",
      "funds": []
    }
  },
  {
    "execute": {
      "contract_addr": "cosmwasm10yjnqzs0nxzpesqmzfv006q9fwgu833xme5kuu60tuan72n77j8qvem39j",
      "msg": "eyJzdWJtaXRfc2lnbmF0dXJlIjp7InNlc3Npb25faWQiOiIyIiwic2lnbmF0dXJlIjoiYTJkNzMxMDNjNzRiMzNiZDlhNWEwOTBiNjdiZWZmOWIzZDQ1YzFkNjEyNjE3ZDdhYjZiNWYyNzk0OTUzNjUzOTFhNWJmZTY5MDBkNDM0YTdhNzJmOTNmZDZlY2I4MGViZjY0ZDFmZWQyYzUyMDQyY2U4ZTg3YTMyZTJhOTFiMDQifX0=",
      "funds": []
    }
  },
  {
    "execute": {
      "contract_addr": "cosmwasm10yjnqzs0nxzpesqmzfv006q9fwgu833xme5kuu60tuan72n77j8qvem39j",
      "msg": "eyJzdWJtaXRfc2lnbmF0dXJlIjp7InNlc3Npb25faWQiOiIyIiwic2lnbmF0dXJlIjoiZTU0NDY2ODk5MmI1NjBjYTg0M2JlNmViNDFjOWZjODliNzFlMjU3MTkyZTA5YjJiNmMxYmZlNjhiMjBiYTc0MWJmYjZkMTM5MDViZmM0ZmI3OWU5YzE0NzJiNDI3NGY5NWFkZWQ3YjM0NzRiNmRmMzFhNmM5ZThlYzAzZWI0MDMifX0=",
      "funds": []
    }
  }
]