{
  "AuthorizeCallers": {
    "specific": [],
    "general": [
      "Governance"
    ],
    "external": [
      "coordinator"
    ]
  },
  "DisableSigning": {
    "specific": [],
    "general": [
      "Elevated"
    ],
    "external": []
  },
  "EnableSigning": {
    "specific": [],
    "general": [
      "Elevated"
    ],
    "external": []
  },
  "RegisterPublicKey": {
    "specific": [],
    "general": [
      "Any"
    ],
    "external": []
  },
  "RegisterVerifierSet": {
    "specific": [],
    "general": [
      "Any"
    ],
    "external": []
  },
  "StartSigningSession": {
    "specific": [
      "authorized"
    ],
    "general": [],
    "external": []
  },
  "SubmitSignature": {
    "specific": [],
    "general": [
      "Any"
    ],
    "external": []
  },
  "UnauthorizeCallers": {
    "specific": [],
    "general": [
      "Elevated"
    ],
    "external": []
  }
}