PollStartedEvent {
    events: [
        EventToVerify {
            source_chain: ChainName(
                "ethereum",
            ),
            event_data: "{\"evm\":{\"transaction_hash\":\"0101010101010101010101010101010101010101010101010101010101010101\",\"transaction_details\":null,\"events\":[{\"contract_address\":\"0101010101010101010101010101010101010101\",\"event_index\":0,\"topics\":[\"0101010101010101010101010101010101010101010101010101010101010101\"],\"data\":\"01020304\"}]}}",
        },
        EventToVerify {
            source_chain: ChainName(
                "ethereum",
            ),
            event_data: "{\"evm\":{\"transaction_hash\":\"0202020202020202020202020202020202020202020202020202020202020202\",\"transaction_details\":null,\"events\":[{\"contract_address\":\"0202020202020202020202020202020202020202\",\"event_index\":0,\"topics\":[\"0101010101010101010101010101010101010101010101010101010101010101\"],\"data\":\"01020304\"}]}}",
        },
        EventToVerify {
            source_chain: ChainName(
                "ethereum",
            ),
            event_data: "{\"evm\":{\"transaction_hash\":\"0303030303030303030303030303030303030303030303030303030303030303\",\"transaction_details\":null,\"events\":[{\"contract_address\":\"0303030303030303030303030303030303030303\",\"event_index\":0,\"topics\":[\"0101010101010101010101010101010101010101010101010101010101010101\"],\"data\":\"01020304\"}]}}",
        },
    ],
    poll_id: PollId(
        Uint64(
            100,
        ),
    ),
    source_chain: ChainName(
        "ethereum",
    ),
    expires_at: 100,
    participants: [
        TMAddress(
            AccountId(
                "axelar1qqqqqqqqqqqqqqqqqqqqqqqqqqqqqqqqqqqqqqqqqqqqqqqqqqqqqqqqqqqqqqqqqqqqqqqqqqqqqqqqqqqqqqqqqqqqqqqqqqqqqqqqqqqqqqqqqqqqqqqqqqqqqqqqqqqqqqqqqqqqqqqqqqqqqqqqqqqqqqqqqqqqqqqqqqqqqqqqqqqqqqqqqqqqqqqqqqqqqqqqqqqqqqqqqqqqqqqqqqqqqqqqqqqqqqqqqqqqqqqqqqqqqqqqqqqqqqqqqqqqqqqqqqqqqqqqqqqqqqqqqqqqqqqqqqqqqqqqqqqqqqqqqqqqqqqqqqqqqqqqqqqqqqqqqqqqqqqqqqqqqqqqqqqqqqqqqqqqqqqqqqqqqqqqqqqqqqqqqqqqqqqqqqqqqqqqqqqqqqqqqqqqqqqq87nk3s",
            ),
        ),
        TMAddress(
            AccountId(
                "axelar1qyqszqgpqyqszqgpqyqszqgpqyqszqgpqyqszqgpqyqszqgpqyqszqgpqyqszqgpqyqszqgpqyqszqgpqyqszqgpqyqszqgpqyqszqgpqyqszqgpqyqszqgpqyqszqgpqyqszqgpqyqszqgpqyqszqgpqyqszqgpqyqszqgpqyqszqgpqyqszqgpqyqszqgpqyqszqgpqyqszqgpqyqszqgpqyqszqgpqyqszqgpqyqszqgpqyqszqgpqyqszqgpqyqszqgpqyqszqgpqyqszqgpqyqszqgpqyqszqgpqyqszqgpqyqszqgpqyqszqgpqyqszqgpqyqszqgpqyqszqgpqyqszqgpqyqszqgpqyqszqgpqyqszqgpqyqszqgpqyqszqgpqyqszqgpqyqszqgpuxy7hs",
            ),
        ),
        TMAddress(
            AccountId(
                "axelar1qgpqyqszqgpqyqszqgpqyqszqgpqyqszqgpqyqszqgpqyqszqgpqyqszqgpqyqszqgpqyqszqgpqyqszqgpqyqszqgpqyqszqgpqyqszqgpqyqszqgpqyqszqgpqyqszqgpqyqszqgpqyqszqgpqyqszqgpqyqszqgpqyqszqgpqyqszqgpqyqszqgpqyqszqgpqyqszqgpqyqszqgpqyqszqgpqyqszqgpqyqszqgpqyqszqgpqyqszqgpqyqszqgpqyqszqgpqyqszqgpqyqszqgpqyqszqgpqyqszqgpqyqszqgpqyqszqgpqyqszqgpqyqszqgpqyqszqgpqyqszqgpqyqszqgpqyqszqgpqyqszqgpqyqszqgpqyqszqgpqyqszqgpqyqszqgpqyqszg9nw3w",
            ),
        ),
        TMAddress(
            AccountId(
                "axelar1qvpsxqcrqvpsxqcrqvpsxqcrqvpsxqcrqvpsxqcrqvpsxqcrqvpsxqcrqvpsxqcrqvpsxqcrqvpsxqcrqvpsxqcrqvpsxqcrqvpsxqcrqvpsxqcrqvpsxqcrqvpsxqcrqvpsxqcrqvpsxqcrqvpsxqcrqvpsxqcrqvpsxqcrqvpsxqcrqvpsxqcrqvpsxqcrqvpsxqcrqvpsxqcrqvpsxqcrqvpsxqcrqvpsxqcrqvpsxqcrqvpsxqcrqvpsxqcrqvpsxqcrqvpsxqcrqvpsxqcrqvpsxqcrqvpsxqcrqvpsxqcrqvpsxqcrqvpsxqcrqvpsxqcrqvpsxqcrqvpsxqcrqvpsxqcrqvpsxqcrqvpsxqcrqvpsxqcrqvpsxqcrqvpsxqcrqvpsxqcrqvpsxqcrnayxhw",
            ),
        ),
        TMAddress(
            AccountId(
                "axelar1qszqgpqyqszqgpqyqszqgpqyqszqgpqyqszqgpqyqszqgpqyqszqgpqyqszqgpqyqszqgpqyqszqgpqyqszqgpqyqszqgpqyqszqgpqyqszqgpqyqszqgpqyqszqgpqyqszqgpqyqszqgpqyqszqgpqyqszqgpqyqszqgpqyqszqgpqyqszqgpqyqszqgpqyqszqgpqyqszqgpqyqszqgpqyqszqgpqyqszqgpqyqszqgpqyqszqgpqyqszqgpqyqszqgpqyqszqgpqyqszqgpqyqszqgpqyqszqgpqyqszqgpqyqszqgpqyqszqgpqyqszqgpqyqszqgpqyqszqgpqyqszqgpqyqszqgpqyqszqgpqyqszqgpqyqszqgpqyqszqgpqyqszqgpqyqszqgpqyz29mj8",
            ),
        ),
    ],
}