PollStartedEvent {
    verifier_set: VerifierSetConfirmation {
        message_id: Base58SolanaTxSignatureAndEventIndex {
            raw_signature: [
                113,
                67,
                132,
                35,
                62,
                99,
                130,
                101,
                222,
                160,
                100,
                245,
                41,
                47,
                27,
                64,
                103,
                132,
                190,
                151,
                243,
                5,
                135,
                167,
                22,
                184,
                50,
                215,
                116,
                246,
                113,
                118,
                49,
                161,
                16,
                113,
                236,
                52,
                140,
                101,
                228,
                178,
                164,
                158,
                207,
                52,
                65,
                192,
                218,
                174,
                128,
                91,
                213,
                178,
                243,
                141,
                36,
                219,
                122,
                27,
                190,
                197,
                188,
                8,
            ],
            event_index: 10,
        },
        verifier_set: VerifierSet {
            signers: {
                "cosmwasm12qeyytrx2drup9gptvcqg4l6jdthymmz2lpu40rk6evs5cazf2kss8u0ey": Signer {
                    address: Addr(
                        "cosmwasm12qeyytrx2drup9gptvcqg4l6jdthymmz2lpu40rk6evs5cazf2kss8u0ey",
                    ),
                    weight: Uint128(
                        1,
                    ),
                    pub_key: Ecdsa(
                        HexBinary(02d530fb1b8fcfb978c37d8d74d4a79ca840a01df457e48a81bbe01bc962820921),
                    ),
                },
                "cosmwasm1g6q4zg5fk2uyg2wnxrt63dc6p5w0ycng2tq98k5cgg0w4zngt3wqnynyv3": Signer {
                    address: Addr(
                        "cosmwasm1g6q4zg5fk2uyg2wnxrt63dc6p5w0ycng2tq98k5cgg0w4zngt3wqnynyv3",
                    ),
                    weight: Uint128(
                        1,
                    ),
                    pub_key: Ecdsa(
                        HexBinary(0354f1838e4dbc30d4c612633b9dc54c06ead9723bb164afee0bcc516cbb156985),
                    ),
                },
                "cosmwasm1jguu9vd3fty0cr949yawye8gj88n0rjvjtpxa7t93umqpn3j96mqr93mgz": Signer {
                    address: Addr(
                        "cosmwasm1jguu9vd3fty0cr949yawye8gj88n0rjvjtpxa7t93umqpn3j96mqr93mgz",
                    ),
                    weight: Uint128(
                        1,
                    ),
                    pub_key: Ecdsa(
                        HexBinary(03c6dee9a36c078363104b04ace62841d441dc05848f7e1e31674b3c04e621f9dc),
                    ),
                },
            },
            threshold: Uint128(
                2,
            ),
            created_at: 0,
        },
    },
    poll_id: PollId(
        Uint64(
            100,
        ),
    ),
    source_chain: ChainName(
        "solana",
    ),
    source_gateway_address: "gtwi5T9x6rTWPtuuz6DA7ia1VmH8bdazm9QfDdi6DVp",
    expires_at: 100,
    participants: [
        TMAddress(
            AccountId(
                "axelar1hg8mfs0pauxmxt5n76ndnlrye235zgz877l727",
            ),
        ),
        TMAddress(
            AccountId(
                "axelar19neataahn59zsgex8479u9my28e0rae8c3hd6g",
            ),
        ),
        TMAddress(
            AccountId(
                "axelar1fjh9eftylh82egzvcldmv5jyfuscvehqvxr8es",
            ),
        ),
        TMAddress(
            AccountId(
                "axelar1s3gutkdnlr7gn9meanysm2muhz4g7w4x63ay0q",
            ),
        ),
        TMAddress(
            AccountId(
                "axelar1k4mztxaugnqwf0hfp878785z887clvq2vkt7tq",
            ),
        ),
    ],
}