PollStartedEvent {
    poll_id: PollId(
        Uint64(
            100,
        ),
    ),
    source_chain: ChainName(
        "stacks",
    ),
    source_gateway_address: "SP2N959SER36FZ5QT1CX9BR63W3E8X35WQCMBYYWC.axelar-gateway",
    confirmation_height: 15,
    messages: [
        Message {
            message_id: HexTxHashAndEventIndex {
                tx_hash: [
                    3,
                    3,
                    3,
                    3,
                    3,
                    3,
                    3,
                    3,
                    3,
                    3,
                    3,
                    3,
                    3,
                    3,
                    3,
                    3,
                    3,
                    3,
                    3,
                    3,
                    3,
                    3,
                    3,
                    3,
                    3,
                    3,
                    3,
                    3,
                    3,
                    3,
                    3,
                    3,
                ],
                event_index: 1,
            },
            destination_address: "0x0202020202020202020202020202020202020202",
            destination_chain: ChainName(
                "ethereum",
            ),
            source_address: "ST1PQHQKV0RJXZFY1DGX8MNSNYVE3VGZJSRTPGZGM",
            payload_hash: 0x0101010101010101010101010101010101010101010101010101010101010101,
        },
    ],
    participants: [
        TMAddress(
            AccountId(
                "axelar1qqqqqqqqqqqqqqqqqqqqqqqqqqqqqqqqqqqqqqqqqqqqqqqqqqqqqqqqqqqqqqqqqqqqqqqqqqqqqqqqqqqqqqqqqqqqqqqqqqqqqqqqqqqqqqqqqqqqqqqqqqqqqqqqqqqqqqqqqqqqqqqqqqqqqqqqqqqqqqqqqqqqqqqqqqqqqqqqqqqqqqqqqqqqqqqqqqqqqqqqqqqqqqqqqqqqqqqqqqqqqqqqqqqqqqqqqqqqqqqqqqqqqqqqqqqqqqqqqqqqqqqqqqqqqqqqqqqqqqqqqqqqqqqqqqqqqqqqqqqqqqqqqqqqqqqqqqqqqqqqqqqqqqqqqqqqqqqqqqqqqqqqqqqqqqqqqqqqqqqqqqqqqqqqqqqqqqqqqqqqqqqqqqqqqqqqqqqqqqqqqqqqqqqq87nk3s",
            ),
        ),
        TMAddress(
            AccountId(
                "axelar1qyqszqgpqyqszqgpqyqszqgpqyqszqgpqyqszqgpqyqszqgpqyqszqgpqyqszqgpqyqszqgpqyqszqgpqyqszqgpqyqszqgpqyqszqgpqyqszqgpqyqszqgpqyqszqgpqyqszqgpqyqszqgpqyqszqgpqyqszqgpqyqszqgpqyqszqgpqyqszqgpqyqszqgpqyqszqgpqyqszqgpqyqszqgpqyqszqgpqyqszqgpqyqszqgpqyqszqgpqyqszqgpqyqszqgpqyqszqgpqyqszqgpqyqszqgpqyqszqgpqyqszqgpqyqszqgpqyqszqgpqyqszqgpqyqszqgpqyqszqgpqyqszqgpqyqszqgpqyqszqgpqyqszqgpqyqszqgpqyqszqgpqyqszqgpqyqszqgpuxy7hs",
            ),
        ),
        TMAddress(
            AccountId(
                "axelar1qgpqyqszqgpqyqszqgpqyqszqgpqyqszqgpqyqszqgpqyqszqgpqyqszqgpqyqszqgpqyqszqgpqyqszqgpqyqszqgpqyqszqgpqyqszqgpqyqszqgpqyqszqgpqyqszqgpqyqszqgpqyqszqgpqyqszqgpqyqszqgpqyqszqgpqyqszqgpqyqszqgpqyqszqgpqyqszqgpqyqszqgpqyqszqgpqyqszqgpqyqszqgpqyqszqgpqyqszqgpqyqszqgpqyqszqgpqyqszqgpqyqszqgpqyqszqgpqyqszqgpqyqszqgpqyqszqgpqyqszqgpqyqszqgpqyqszqgpqyqszqgpqyqszqgpqyqszqgpqyqszqgpqyqszqgpqyqszqgpqyqszqgpqyqszqgpqyqszg9nw3w",
            ),
        ),
        TMAddress(
            AccountId(
                "axelar1qvpsxqcrqvpsxqcrqvpsxqcrqvpsxqcrqvpsxqcrqvpsxqcrqvpsxqcrqvpsxqcrqvpsxqcrqvpsxqcrqvpsxqcrqvpsxqcrqvpsxqcrqvpsxqcrqvpsxqcrqvpsxqcrqvpsxqcrqvpsxqcrqvpsxqcrqvpsxqcrqvpsxqcrqvpsxqcrqvpsxqcrqvpsxqcrqvpsxqcrqvpsxqcrqvpsxqcrqvpsxqcrqvpsxqcrqvpsxqcrqvpsxqcrqvpsxqcrqvpsxqcrqvpsxqcrqvpsxqcrqvpsxqcrqvpsxqcrqvpsxqcrqvpsxqcrqvpsxqcrqvpsxqcrqvpsxqcrqvpsxqcrqvpsxqcrqvpsxqcrqvpsxqcrqvpsxqcrqvpsxqcrqvpsxqcrqvpsxqcrqvpsxqcrnayxhw",
            ),
        ),
        TMAddress(
            AccountId(
                "axelar1qszqgpqyqszqgpqyqszqgpqyqszqgpqyqszqgpqyqszqgpqyqszqgpqyqszqgpqyqszqgpqyqszqgpqyqszqgpqyqszqgpqyqszqgpqyqszqgpqyqszqgpqyqszqgpqyqszqgpqyqszqgpqyqszqgpqyqszqgpqyqszqgpqyqszqgpqyqszqgpqyqszqgpqyqszqgpqyqszqgpqyqszqgpqyqszqgpqyqszqgpqyqszqgpqyqszqgpqyqszqgpqyqszqgpqyqszqgpqyqszqgpqyqszqgpqyqszqgpqyqszqgpqyqszqgpqyqszqgpqyqszqgpqyqszqgpqyqszqgpqyqszqgpqyqszqgpqyqszqgpqyqszqgpqyqszqgpqyqszqgpqyqszqgpqyqszqgpqyz29mj8",
            ),
        ),
    ],
    expires_at: 100,
}