{
  "CallContract": {
    "specific": [],
    "general": [
      "Any"
    ],
    "external": []
  },
  "Execute": {
    "specific": [],
    "general": [
      "Any"
    ],
    "external": []
  },
  "RouteMessages": {
    "specific": [],
    "general": [
      "Any"
    ],
    "external": []
  },
  "RouteMessagesFromNexus": {
    "specific": [
      "nexus"
    ],
    "general": [],
    "external": []
  }
}