task group execution failed
├╴at ampd/src/asyncutil/task.rs:142:18
│
╰┬▶ task failed
 │  ├╴at ampd/src/asyncutil/task.rs:136:56
 │  │
 │  ╰─▶ task panicked
 │      ╰╴at ampd/src/asyncutil/task.rs:136:21
 │
 ├▶ task failed
 │  ├╴at ampd/src/asyncutil/task.rs:121:62
 │  │
 │  ╰─▶ task failed
 │      ╰╴at ampd/src/asyncutil/task.rs:249:61
 │
 ╰▶ task failed
    ├╴at ampd/src/asyncutil/task.rs:121:62
    │
    ╰─▶ task failed
        ╰╴at ampd/src/asyncutil/task.rs:257:61