Initial Metrics:
# HELP blocks_received number of blocks received.
# TYPE blocks_received counter
blocks_received_total 0
# HELP verification_votes number of verification votes on cross-chain messages.
# TYPE verification_votes counter
# EOF


Updated Metrics:
# HELP blocks_received number of blocks received.
# TYPE blocks_received counter
blocks_received_total 3
# HELP verification_votes number of verification votes on cross-chain messages.
# TYPE verification_votes counter
# EOF
