[
  {
    "route_messages": [
      {
        "cc_id": {
          "source_chain": "mock-chain",
          "message_id": "SucceededOnSourceChain0"
        },
        "source_address": "idc",
        "destination_chain": "mock-chain-2",
        "destination_address": "idc",
        "payload_hash": "0000000000000000000000000000000000000000000000000000000000000000"
      },
      {
        "cc_id": {
          "source_chain": "mock-chain",
          "message_id": "SucceededOnSourceChain1"
        },
        "source_address": "idc",
        "destination_chain": "mock-chain-2",
        "destination_address": "idc",
        "payload_hash": "0101010101010101010101010101010101010101010101010101010101010101"
      },
      {
        "cc_id": {
          "source_chain": "mock-chain",
          "message_id": "SucceededOnSourceChain2"
        },
        "source_address": "idc",
        "destination_chain": "mock-chain-2",
        "destination_address": "idc",
        "payload_hash": "0202020202020202020202020202020202020202020202020202020202020202"
      },
      {
        "cc_id": {
          "source_chain": "mock-chain",
          "message_id": "SucceededOnSourceChain3"
        },
        "source_address": "idc",
        "destination_chain": "mock-chain-2",
        "destination_address": "idc",
        "payload_hash": "0303030303030303030303030303030303030303030303030303030303030303"
      },
      {
        "cc_id": {
          "source_chain": "mock-chain",
          "message_id": "SucceededOnSourceChain4"
        },
        "source_address": "idc",
        "destination_chain": "mock-chain-2",
        "destination_address": "idc",
        "payload_hash": "0404040404040404040404040404040404040404040404040404040404040404"
      },
      {
        "cc_id": {
          "source_chain": "mock-chain",
          "message_id": "SucceededOnSourceChain5"
        },
        "source_address": "idc",
        "destination_chain": "mock-chain-2",
        "destination_address": "idc",
        "payload_hash": "0505050505050505050505050505050505050505050505050505050505050505"
      },
      {
        "cc_id": {
          "source_chain": "mock-chain",
          "message_id": "SucceededOnSourceChain6"
        },
        "source_address": "idc",
        "destination_chain": "mock-chain-2",
        "destination_address": "idc",
        "payload_hash": "0606060606060606060606060606060606060606060606060606060606060606"
      },
      {
        "cc_id": {
          "source_chain": "mock-chain",
          "message_id": "SucceededOnSourceChain7"
        },
        "source_address": "idc",
        "destination_chain": "mock-chain-2",
        "destination_address": "idc",
        "payload_hash": "0707070707070707070707070707070707070707070707070707070707070707"
      },
      {
        "cc_id": {
          "source_chain": "mock-chain",
          "message_id": "SucceededOnSourceChain8"
        },
        "source_address": "idc",
        "destination_chain": "mock-chain-2",
        "destination_address": "idc",
        "payload_hash": "0808080808080808080808080808080808080808080808080808080808080808"
      },
      {
        "cc_id": {
          "source_chain": "mock-chain",
          "message_id": "SucceededOnSourceChain9"
        },
        "source_address": "idc",
        "destination_chain": "mock-chain-2",
        "destination_address": "idc",
        "payload_hash": "0909090909090909090909090909090909090909090909090909090909090909"
      }
    ]
  }
]