[
  {
    "verify_messages": [
      {
        "cc_id": {
          "source_chain": "mock-chain",
          "message_id": "NotFoundOnSourceChain0"
        },
        "source_address": "idc",
        "destination_chain": "mock-chain-2",
        "destination_address": "idc",
        "payload_hash": "0000000000000000000000000000000000000000000000000000000000000000"
      },
      {
        "cc_id": {
          "source_chain": "mock-chain",
          "message_id": "NotFoundOnSourceChain1"
        },
        "source_address": "idc",
        "destination_chain": "mock-chain-2",
        "destination_address": "idc",
        "payload_hash": "0101010101010101010101010101010101010101010101010101010101010101"
      },
      {
        "cc_id": {
          "source_chain": "mock-chain",
          "message_id": "NotFoundOnSourceChain2"
        },
        "source_address": "idc",
        "destination_chain": "mock-chain-2",
        "destination_address": "idc",
        "payload_hash": "0202020202020202020202020202020202020202020202020202020202020202"
      },
      {
        "cc_id": {
          "source_chain": "mock-chain",
          "message_id": "NotFoundOnSourceChain3"
        },
        "source_address": "idc",
        "destination_chain": "mock-chain-2",
        "destination_address": "idc",
        "payload_hash": "0303030303030303030303030303030303030303030303030303030303030303"
      },
      {
        "cc_id": {
          "source_chain": "mock-chain",
          "message_id": "NotFoundOnSourceChain4"
        },
        "source_address": "idc",
        "destination_chain": "mock-chain-2",
        "destination_address": "idc",
        "payload_hash": "0404040404040404040404040404040404040404040404040404040404040404"
      },
      {
        "cc_id": {
          "source_chain": "mock-chain",
          "message_id": "NotFoundOnSourceChain5"
        },
        "source_address": "idc",
        "destination_chain": "mock-chain-2",
        "destination_address": "idc",
        "payload_hash": "0505050505050505050505050505050505050505050505050505050505050505"
      },
      {
        "cc_id": {
          "source_chain": "mock-chain",
          "message_id": "NotFoundOnSourceChain6"
        },
        "source_address": "idc",
        "destination_chain": "mock-chain-2",
        "destination_address": "idc",
        "payload_hash": "0606060606060606060606060606060606060606060606060606060606060606"
      },
      {
        "cc_id": {
          "source_chain": "mock-chain",
          "message_id": "NotFoundOnSourceChain7"
        },
        "source_address": "idc",
        "destination_chain": "mock-chain-2",
        "destination_address": "idc",
        "payload_hash": "0707070707070707070707070707070707070707070707070707070707070707"
      },
      {
        "cc_id": {
          "source_chain": "mock-chain",
          "message_id": "NotFoundOnSourceChain8"
        },
        "source_address": "idc",
        "destination_chain": "mock-chain-2",
        "destination_address": "idc",
        "payload_hash": "0808080808080808080808080808080808080808080808080808080808080808"
      },
      {
        "cc_id": {
          "source_chain": "mock-chain",
          "message_id": "NotFoundOnSourceChain9"
        },
        "source_address": "idc",
        "destination_chain": "mock-chain-2",
        "destination_address": "idc",
        "payload_hash": "0909090909090909090909090909090909090909090909090909090909090909"
      },
      {
        "cc_id": {
          "source_chain": "mock-chain",
          "message_id": "FailedToVerify0"
        },
        "source_address": "idc",
        "destination_chain": "mock-chain-2",
        "destination_address": "idc",
        "payload_hash": "0000000000000000000000000000000000000000000000000000000000000000"
      },
      {
        "cc_id": {
          "source_chain": "mock-chain",
          "message_id": "FailedToVerify1"
        },
        "source_address": "idc",
        "destination_chain": "mock-chain-2",
        "destination_address": "idc",
        "payload_hash": "0101010101010101010101010101010101010101010101010101010101010101"
      },
      {
        "cc_id": {
          "source_chain": "mock-chain",
          "message_id": "FailedToVerify2"
        },
        "source_address": "idc",
        "destination_chain": "mock-chain-2",
        "destination_address": "idc",
        "payload_hash": "0202020202020202020202020202020202020202020202020202020202020202"
      },
      {
        "cc_id": {
          "source_chain": "mock-chain",
          "message_id": "FailedToVerify3"
        },
        "source_address": "idc",
        "destination_chain": "mock-chain-2",
        "destination_address": "idc",
        "payload_hash": "0303030303030303030303030303030303030303030303030303030303030303"
      },
      {
        "cc_id": {
          "source_chain": "mock-chain",
          "message_id": "FailedToVerify4"
        },
        "source_address": "idc",
        "destination_chain": "mock-chain-2",
        "destination_address": "idc",
        "payload_hash": "0404040404040404040404040404040404040404040404040404040404040404"
      },
      {
        "cc_id": {
          "source_chain": "mock-chain",
          "message_id": "FailedToVerify5"
        },
        "source_address": "idc",
        "destination_chain": "mock-chain-2",
        "destination_address": "idc",
        "payload_hash": "0505050505050505050505050505050505050505050505050505050505050505"
      },
      {
        "cc_id": {
          "source_chain": "mock-chain",
          "message_id": "FailedToVerify6"
        },
        "source_address": "idc",
        "destination_chain": "mock-chain-2",
        "destination_address": "idc",
        "payload_hash": "0606060606060606060606060606060606060606060606060606060606060606"
      },
      {
        "cc_id": {
          "source_chain": "mock-chain",
          "message_id": "FailedToVerify7"
        },
        "source_address": "idc",
        "destination_chain": "mock-chain-2",
        "destination_address": "idc",
        "payload_hash": "0707070707070707070707070707070707070707070707070707070707070707"
      },
      {
        "cc_id": {
          "source_chain": "mock-chain",
          "message_id": "FailedToVerify8"
        },
        "source_address": "idc",
        "destination_chain": "mock-chain-2",
        "destination_address": "idc",
        "payload_hash": "0808080808080808080808080808080808080808080808080808080808080808"
      },
      {
        "cc_id": {
          "source_chain": "mock-chain",
          "message_id": "FailedToVerify9"
        },
        "source_address": "idc",
        "destination_chain": "mock-chain-2",
        "destination_address": "idc",
        "payload_hash": "0909090909090909090909090909090909090909090909090909090909090909"
      },
      {
        "cc_id": {
          "source_chain": "mock-chain",
          "message_id": "Unknown0"
        },
        "source_address": "idc",
        "destination_chain": "mock-chain-2",
        "destination_address": "idc",
        "payload_hash": "0000000000000000000000000000000000000000000000000000000000000000"
      },
      {
        "cc_id": {
          "source_chain": "mock-chain",
          "message_id": "Unknown1"
        },
        "source_address": "idc",
        "destination_chain": "mock-chain-2",
        "destination_address": "idc",
        "payload_hash": "0101010101010101010101010101010101010101010101010101010101010101"
      },
      {
        "cc_id": {
          "source_chain": "mock-chain",
          "message_id": "Unknown2"
        },
        "source_address": "idc",
        "destination_chain": "mock-chain-2",
        "destination_address": "idc",
        "payload_hash": "0202020202020202020202020202020202020202020202020202020202020202"
      },
      {
        "cc_id": {
          "source_chain": "mock-chain",
          "message_id": "Unknown3"
        },
        "source_address": "idc",
        "destination_chain": "mock-chain-2",
        "destination_address": "idc",
        "payload_hash": "0303030303030303030303030303030303030303030303030303030303030303"
      },
      {
        "cc_id": {
          "source_chain": "mock-chain",
          "message_id": "Unknown4"
        },
        "source_address": "idc",
        "destination_chain": "mock-chain-2",
        "destination_address": "idc",
        "payload_hash": "0404040404040404040404040404040404040404040404040404040404040404"
      },
      {
        "cc_id": {
          "source_chain": "mock-chain",
          "message_id": "Unknown5"
        },
        "source_address": "idc",
        "destination_chain": "mock-chain-2",
        "destination_address": "idc",
        "payload_hash": "0505050505050505050505050505050505050505050505050505050505050505"
      },
      {
        "cc_id": {
          "source_chain": "mock-chain",
          "message_id": "Unknown6"
        },
        "source_address": "idc",
        "destination_chain": "mock-chain-2",
        "destination_address": "idc",
        "payload_hash": "0606060606060606060606060606060606060606060606060606060606060606"
      },
      {
        "cc_id": {
          "source_chain": "mock-chain",
          "message_id": "Unknown7"
        },
        "source_address": "idc",
        "destination_chain": "mock-chain-2",
        "destination_address": "idc",
        "payload_hash": "0707070707070707070707070707070707070707070707070707070707070707"
      },
      {
        "cc_id": {
          "source_chain": "mock-chain",
          "message_id": "Unknown8"
        },
        "source_address": "idc",
        "destination_chain": "mock-chain-2",
        "destination_address": "idc",
        "payload_hash": "0808080808080808080808080808080808080808080808080808080808080808"
      },
      {
        "cc_id": {
          "source_chain": "mock-chain",
          "message_id": "Unknown9"
        },
        "source_address": "idc",
        "destination_chain": "mock-chain-2",
        "destination_address": "idc",
        "payload_hash": "0909090909090909090909090909090909090909090909090909090909090909"
      }
    ]
  }
]