failed to query voting verifier for messages status. messages: [Message { cc_id: CrossChainId { source_chain: ChainNameRaw("eth"), message_id: String("0x0000000000000000000000000000000000000000000000000000000000000000-0") }, source_address: Address(String("0x1234")), destination_chain: ChainName("eth"), destination_address: Address(String("0x5678")), payload_hash: [0, 0, 0, 0, 0, 0, 0, 0, 0, 0, 0, 0, 0, 0, 0, 0, 0, 0, 0, 0, 0, 0, 0, 0, 0, 0, 0, 0, 0, 0, 0, 0] }]