{
  "type": "events_poll_started",
  "attributes": [
    {
      "key": "events",
      "value": "[{\"tx_id\":\"txId1\",\"event_index\":1,\"message_id\":\"messageId\",\"source_chain\":\"sourcechain\",\"contract_address\":\"contractAddress1\",\"event_data\":{\"evm\":{\"topics\":[\"123\"],\"data\":\"01020304\"}}},{\"tx_id\":\"txId2\",\"event_index\":2,\"message_id\":\"messageId\",\"source_chain\":\"sourcechain\",\"contract_address\":\"contractAddress2\",\"event_data\":{\"evm\":{\"topics\":[\"456\"],\"data\":\"05060708\"}}}]"
    },
    {
      "key": "poll_id",
      "value": "\"1\""
    },
    {
      "key": "source_chain",
      "value": "sourcechain"
    },
    {
      "key": "source_gateway_address",
      "value": "sourceGatewayAddress"
    },
    {
      "key": "confirmation_height",
      "value": "1"
    },
    {
      "key": "expires_at",
      "value": "1"
    },
    {
      "key": "participants",
      "value": "[\"cosmwasm12msqmrh0gvhyfztrlveax89unzvr2wzwc2ggdrs2pa6h8vj5kxhsvfdqwv\",\"cosmwasm162h5mj8myky9cywlshyq4l43k6agc8x3e6c96p552eakkz5z5s6sw2p4jy\",\"cosmwasm1la882th3963m9xcg5ea99mc8uvrel8796za2jwjdgantwlu5gzcqqp9ss4\"]"
    }
  ]
}