{
  "type": "poll_ended",
  "attributes": [
    {
      "key": "poll_id",
      "value": "\"1\""
    },
    {
      "key": "source_chain",
      "value": "\"sourcechain\""
    },
    {
      "key": "results",
      "value": "[\"succeeded_on_chain\",\"failed_on_chain\",\"not_found\",null]"
    }
  ]
}