{
  "EndPoll": {
    "specific": [],
    "general": [
      "Any"
    ],
    "external": []
  },
  "UpdateVotingThreshold": {
    "specific": [],
    "general": [
      "Governance"
    ],
    "external": []
  },
  "VerifyMessages": {
    "specific": [],
    "general": [
      "Any"
    ],
    "external": []
  },
  "VerifyVerifierSet": {
    "specific": [],
    "general": [
      "Any"
    ],
    "external": []
  },
  "Vote": {
    "specific": [],
    "general": [
      "Any"
    ],
    "external": []
  }
}