{
  "chain_name": "ethereum",
  "prover_address": "cosmwasm1gurgpv8savnfw66lckwzn4zk7fp394lpe667dhu7aw48u40lj6jsgzl0mg",
  "gateway_address": "cosmwasm1tqwwyth34550lg2437m05mjnjp8w7h5ka7m70jtzpxn4uh2ktsmqruaxmk",
  "verifier_address": "cosmwasm1wn625s4jcmvk0szpl85rj5azkfc6suyvf75q6vrddscjdphtve8suv7azv"
}