{
  "AddRewards": {
    "specific": [],
    "general": [
      "Any"
    ],
    "external": []
  },
  "CreatePool": {
    "specific": [],
    "general": [
      "Governance"
    ],
    "external": []
  },
  "DistributeRewards": {
    "specific": [],
    "general": [
      "Any"
    ],
    "external": []
  },
  "RecordParticipation": {
    "specific": [],
    "general": [
      "Any"
    ],
    "external": []
  },
  "RemoveVerifierProxy": {
    "specific": [],
    "general": [
      "Any"
    ],
    "external": []
  },
  "SetVerifierProxy": {
    "specific": [],
    "general": [
      "Any"
    ],
    "external": []
  },
  "UpdatePoolParams": {
    "specific": [],
    "general": [
      "Governance"
    ],
    "external": []
  }
}