[
    (
        InvalidArgument,
        InvalidFilter,
    ),
    (
        InvalidArgument,
        InvalidContractAddress(
            "invalid_contract_address",
        ),
    ),
    (
        InvalidArgument,
        InvalidQuery,
    ),
    (
        InvalidArgument,
        EmptyBroadcastMsg,
    ),
]