{
  "RegisterProtocol": {
    "external": [],
    "general": [
      "Governance"
    ],
    "specific": []
  },
  "RegisterChain": {
    "external": [],
    "general": [
      "Governance"
    ],
    "specific": []
  },
  "SetActiveVerifiers": {
    "external": [],
    "general": [],
    "specific": [
      "prover"
    ]
  },
  "RegisterDeployment": {
    "external": [],
    "general": [
      "Governance"
    ],
    "specific": []
  },
  "InstantiateChainContracts": {
    "external": [],
    "general": [
      "Governance"
    ],
    "specific": []
  }
}