{
  "InstantiateChainContracts": {
    "specific": [],
    "general": [
      "Governance"
    ],
    "external": []
  },
  "RegisterChain": {
    "specific": [],
    "general": [
      "Governance"
    ],
    "external": []
  },
  "RegisterDeployment": {
    "specific": [],
    "general": [
      "Governance"
    ],
    "external": []
  },
  "RegisterProtocol": {
    "specific": [],
    "general": [
      "Governance"
    ],
    "external": []
  },
  "SetActiveVerifiers": {
    "specific": [
      "prover"
    ],
    "general": [],
    "external": []
  }
}