[
  {
    "id": 0,
    "msg": {
      "bank": {
        "send": {
          "to_address": "nexus",
          "amount": [
            {
              "denom": "axelar",
              "amount": "10"
            }
          ]
        }
      }
    },
    "gas_limit": null,
    "reply_on": "never"
  },
  {
    "id": 0,
    "msg": {
      "custom": {
        "source_chain": "axelarnet",
        "source_address": "sender",
        "destination_chain": "destination-chain",
        "destination_address": "destination-address",
        "payload_hash": [
          241,
          136,
          94,
          218,
          84,
          183,
          160,
          83,
          49,
          140,
          212,
          30,
          32,
          147,
          34,
          13,
          171,
          21,
          214,
          83,
          129,
          177,
          21,
          122,
          54,
          51,
          168,
          59,
          253,
          92,
          146,
          57
        ],
        "source_tx_id": [
          2,
          2,
          2,
          2,
          2,
          2,
          2,
          2,
          2,
          2,
          2,
          2,
          2,
          2,
          2,
          2,
          2,
          2,
          2,
          2,
          2,
          2,
          2,
          2,
          2,
          2,
          2,
          2,
          2,
          2,
          2,
          2
        ],
        "source_tx_index": 99,
        "id": "0x0202020202020202020202020202020202020202020202020202020202020202-99",
        "token": {
          "denom": "axelar",
          "amount": "10"
        }
      }
    },
    "gas_limit": null,
    "reply_on": "never"
  }
]