{
  "route_messages": [
    {
      "cc_id": {
        "source_chain": "axelarnet",
        "message_id": "0xa695e27bcb71c3dfd108c18e031ec966e37c7c95927c2a9fd88ec573ee690c2c-190"
      },
      "source_address": "cosmwasm1pgm8hyk0pvphmlvfjc8wsvk4daluz5tgrw6pu5mfpemk74uxnx9qlm3aqg",
      "destination_chain": "destination-chain",
      "destination_address": "destination-address",
      "payload_hash": "f1885eda54b7a053318cd41e2093220dab15d65381b1157a3633a83bfd5c9239"
    }
  ]
}