[
  {
    "executed": {
      "cc_id": {
        "source_chain": "source-chain",
        "message_id": "hash-index-0"
      },
      "source_address": "source-address",
      "destination_chain": "axelarnet",
      "destination_address": "destination-address",
      "payload_hash": "bc36789e7a1e281436464229828f817d6612f7b477d66591ff96a9e064bcc98a"
    }
  },
  {
    "approved": {
      "cc_id": {
        "source_chain": "source-chain",
        "message_id": "hash-index-1"
      },
      "source_address": "source-address",
      "destination_chain": "axelarnet",
      "destination_address": "destination-address",
      "payload_hash": "5fe7f977e71dba2ea1a68e21057beebb9be2ac30c6410aa38d4f3fbe41dcffd2"
    }
  },
  {
    "approved": {
      "cc_id": {
        "source_chain": "source-chain",
        "message_id": "hash-index-2"
      },
      "source_address": "source-address",
      "destination_chain": "axelarnet",
      "destination_address": "destination-address",
      "payload_hash": "f2ee15ea639b73fa3db9b34a245bdfa015c260c598b211bf05a1ecc4b3e3b4f2"
    }
  },
  {
    "approved": {
      "cc_id": {
        "source_chain": "source-chain",
        "message_id": "hash-index-4"
      },
      "source_address": "source-address",
      "destination_chain": "axelarnet",
      "destination_address": "destination-address",
      "payload_hash": "f343681465b9efe82c933c3e8748c70cb8aa06539c361de20f72eac04e766393"
    }
  },
  {
    "executed": {
      "cc_id": {
        "source_chain": "source-chain",
        "message_id": "hash-index-5"
      },
      "source_address": "source-address",
      "destination_chain": "axelarnet",
      "destination_address": "destination-address",
      "payload_hash": "dbb8d0f4c497851a5043c6363657698cb1387682cac2f786c731f8936109d795"
    }
  },
  {
    "approved": {
      "cc_id": {
        "source_chain": "source-chain",
        "message_id": "hash-index-6"
      },
      "source_address": "source-address",
      "destination_chain": "axelarnet",
      "destination_address": "destination-address",
      "payload_hash": "d0591206d9e81e07f4defc5327957173572bcd1bca7838caa7be39b0c12b1873"
    }
  },
  {
    "executed": {
      "cc_id": {
        "source_chain": "source-chain",
        "message_id": "hash-index-7"
      },
      "source_address": "source-address",
      "destination_chain": "axelarnet",
      "destination_address": "destination-address",
      "payload_hash": "ee2a4bc7db81da2b7164e56b3649b1e2a09c58c455b15dabddd9146c7582cebc"
    }
  },
  {
    "approved": {
      "cc_id": {
        "source_chain": "source-chain",
        "message_id": "hash-index-8"
      },
      "source_address": "source-address",
      "destination_chain": "axelarnet",
      "destination_address": "destination-address",
      "payload_hash": "d33e25809fcaa2b6900567812852539da8559dc8b76a7ce3fc5ddd77e8d19a69"
    }
  },
  {
    "approved": {
      "cc_id": {
        "source_chain": "source-chain",
        "message_id": "hash-index-9"
      },
      "source_address": "source-address",
      "destination_chain": "axelarnet",
      "destination_address": "destination-address",
      "payload_hash": "b2e7b7a21d986ae84d62a7de4a916f006c4e42a596358b93bad65492d174c4ff"
    }
  }
]