{
  "route_messages": [
    {
      "cc_id": {
        "source_chain": "axelarnet",
        "message_id": "0x3fe69130d2899d40569559e420f182aa62bf6265de3f7d5be65fb86bc0869dbd-210"
      },
      "source_address": "sender",
      "destination_chain": "destination-chain",
      "destination_address": "destination-address",
      "payload_hash": "f1885eda54b7a053318cd41e2093220dab15d65381b1157a3633a83bfd5c9239"
    }
  ]
}