{
  "route_messages": [
    {
      "cc_id": {
        "source_chain": "axelarnet",
        "message_id": "0x7629eaf655df7c97a92ab9bf92089b2db9c7c131495fcb70fdab67bfe2877b13-200"
      },
      "source_address": "sender",
      "destination_chain": "destination-chain",
      "destination_address": "destination-address",
      "payload_hash": "f1885eda54b7a053318cd41e2093220dab15d65381b1157a3633a83bfd5c9239"
    }
  ]
}