{
  "messages": [
    {
      "id": 0,
      "msg": {
        "custom": {
          "source_chain": "sourceChain",
          "source_address": "0xb860",
          "destination_chain": "destinationchain",
          "destination_address": "0xD419",
          "payload_hash": [
            187,
            155,
            85,
            102,
            194,
            244,
            135,
            104,
            99,
            51,
            62,
            72,
            31,
            70,
            152,
            53,
            1,
            84,
            37,
            159,
            254,
            98,
            38,
            226,
            131,
            177,
            108,
            225,
            138,
            100,
            188,
            241
          ],
          "source_tx_id": [
            0,
            0,
            0,
            0,
            0,
            0,
            0,
            0,
            0,
            0,
            0,
            0,
            0,
            0,
            0,
            0,
            0,
            0,
            0,
            0,
            0,
            0,
            0,
            0,
            0,
            0,
            0,
            0,
            0,
            0,
            0,
            0
          ],
          "source_tx_index": 0,
          "id": "0x2fe4:0",
          "token": {
            "denom": "test",
            "amount": "100"
          }
        }
      },
      "gas_limit": null,
      "reply_on": "never"
    },
    {
      "id": 0,
      "msg": {
        "bank": {
          "send": {
            "to_address": "nexus",
            "amount": [
              {
                "denom": "test",
                "amount": "100"
              }
            ]
          }
        }
      },
      "gas_limit": null,
      "reply_on": "never"
    }
  ],
  "attributes": [],
  "events": [],
  "data": null
}