{
  "tm_jsonrpc": "http://localhost:26657/",
  "tm_grpc": "tcp://localhost:9090",
  "default_rpc_timeout": "3s",
  "tm_grpc_timeout": {
    "secs": 5,
    "nanos": 0
  },
  "event_processor": {
    "retry_delay": "1s",
    "retry_max_attempts": 3,
    "stream_timeout": "15s",
    "stream_buffer_size": 100000,
    "delay": "1s",
    "tx_broadcast_buffer_size": 10
  },
  "broadcast": {
    "chain_id": "axelar-dojo-1",
    "tx_fetch_interval": "500ms",
    "tx_fetch_max_retries": 10,
    "gas_adjustment": 1.2,
    "gas_price": "0.00005uaxl",
    "batch_gas_limit": 1000000,
    "queue_cap": 1000,
    "broadcast_interval": "5s",
    "tx_confirmation_buffer_size": 10,
    "tx_confirmation_queue_cap": 1000
  },
  "handlers": [],
  "tofnd_config": {
    "url": "http://localhost:50051/",
    "party_uid": "ampd",
    "key_uid": "axelar",
    "timeout": {
      "secs": 3,
      "nanos": 0
    }
  },
  "service_registry": {
    "cosmwasm_contract": "axelar1qqqqqqqqqqqqqqqqqqqqqqqqqqqqqqqqqqqqqqqqqqqqqqqqqqqqecnww6"
  },
  "rewards": {
    "cosmwasm_contract": "axelar1qqqqqqqqqqqqqqqqqqqqqqqqqqqqqqqqqqqqqqqqqqqqqqqqqqqqecnww6"
  },
  "grpc": {
    "ip_addr": "0.0.0.0",
    "port": 9091,
    "global_concurrency_limit": 2048,
    "concurrency_limit_per_connection": 256,
    "request_timeout": "30s"
  },
  "monitoring_server": {
    "enabled": false,
    "bind_address": "127.0.0.1:3000",
    "channel_size": 1000
  },
  "event_sub": {
    "block_processing_buffer": 10,
    "poll_interval": "5s",
    "retry_delay": "3s",
    "retry_max_attempts": 3
  },
  "tm_client": {
    "max_retries": 15,
    "retry_delay": "1s"
  }
}