{
  "health_check_bind_addr": "0.0.0.0:3000",
  "tm_jsonrpc": "http://localhost:26657/",
  "tm_grpc": "tcp://localhost:9090",
  "tm_grpc_timeout": {
    "secs": 5,
    "nanos": 0
  },
  "event_processor": {
    "retry_delay": "1s",
    "retry_max_attempts": 3,
    "stream_timeout": "15s",
    "stream_buffer_size": 100000
  },
  "broadcast": {
    "chain_id": "axelar-dojo-1",
    "tx_fetch_interval": "500ms",
    "tx_fetch_max_retries": 10,
    "gas_adjustment": 1.2,
    "gas_price": "0.00005uaxl",
    "batch_gas_limit": 1000000,
    "queue_cap": 1000,
    "broadcast_interval": "5s"
  },
  "handlers": [],
  "tofnd_config": {
    "url": "http://localhost:50051/",
    "party_uid": "ampd",
    "key_uid": "axelar",
    "timeout": {
      "secs": 3,
      "nanos": 0
    }
  },
  "service_registry": {
    "cosmwasm_contract": "axelar1qqqqqqqqqqqqqqqqqqqqqqqqqqqqqqqqqqqqqqqqqqqqqqqqqqqqecnww6"
  },
  "rewards": {
    "cosmwasm_contract": "axelar1qqqqqqqqqqqqqqqqqqqqqqqqqqqqqqqqqqqqqqqqqqqqqqqqqqqqecnww6"
  },
  "grpc": {
    "ip_addr": "0.0.0.0",
    "port": 9091,
    "concurrency_limit": 2048,
    "concurrency_limit_per_connection": 256
  }
}