{
  "req": "GetTxRequest { hash: \"0123456789ABCDEF\" }",
  "res": "GetTxResponse { tx: Some(Tx { body: None, auth_info: None, signatures: [[1, 2, 3, 4]] }), tx_response: Some(TxResponse { height: 100, txhash: \"0123456789ABCDEF\", codespace: \"codespace\", code: 0, data: \"data\", raw_log: \"[{\\\"events\\\":[{\\\"type\\\":\\\"tx_event\\\",\\\"attributes\\\":[{\\\"key\\\":\\\"action\\\",\\\"value\\\":\\\"get_tx\\\"}]}]}]\", logs: [AbciMessageLog { msg_index: 0, log: \"tx log message\", events: [StringEvent { r#type: \"tx_get_event\", attributes: [Attribute { key: \"tx_key\", value: \"tx_value\" }] }] }], info: \"info\", gas_wanted: 1000, gas_used: 900, tx: Some(Any { type_url: \"/cosmos.tx.v1beta1.Tx\", value: [10, 20, 30, 40, 50] }), timestamp: \"2025-04-23T17:00:00Z\", events: [Event { r#type: \"tx_result_event\", attributes: [EventAttribute { key: \"tx_result_key\", value: \"tx_result_value\", index: true }] }] }) }",
  "req_bytes": [
    10,
    16,
    48,
    49,
    50,
    51,
    52,
    53,
    54,
    55,
    56,
    57,
    65,
    66,
    67,
    68,
    69,
    70
  ],
  "res_bytes": [
    10,
    6,
    26,
    4,
    1,
    2,
    3,
    4,
    18,
    169,
    2,
    8,
    100,
    18,
    16,
    48,
    49,
    50,
    51,
    52,
    53,
    54,
    55,
    56,
    57,
    65,
    66,
    67,
    68,
    69,
    70,
    26,
    9,
    99,
    111,
    100,
    101,
    115,
    112,
    97,
    99,
    101,
    42,
    4,
    100,
    97,
    116,
    97,
    50,
    83,
    91,
    123,
    34,
    101,
    118,
    101,
    110,
    116,
    115,
    34,
    58,
    91,
    123,
    34,
    116,
    121,
    112,
    101,
    34,
    58,
    34,
    116,
    120,
    95,
    101,
    118,
    101,
    110,
    116,
    34,
    44,
    34,
    97,
    116,
    116,
    114,
    105,
    98,
    117,
    116,
    101,
    115,
    34,
    58,
    91,
    123,
    34,
    107,
    101,
    121,
    34,
    58,
    34,
    97,
    99,
    116,
    105,
    111,
    110,
    34,
    44,
    34,
    118,
    97,
    108,
    117,
    101,
    34,
    58,
    34,
    103,
    101,
    116,
    95,
    116,
    120,
    34,
    125,
    93,
    125,
    93,
    125,
    93,
    58,
    52,
    18,
    14,
    116,
    120,
    32,
    108,
    111,
    103,
    32,
    109,
    101,
    115,
    115,
    97,
    103,
    101,
    26,
    34,
    10,
    12,
    116,
    120,
    95,
    103,
    101,
    116,
    95,
    101,
    118,
    101,
    110,
    116,
    18,
    18,
    10,
    6,
    116,
    120,
    95,
    107,
    101,
    121,
    18,
    8,
    116,
    120,
    95,
    118,
    97,
    108,
    117,
    101,
    66,
    4,
    105,
    110,
    102,
    111,
    72,
    232,
    7,
    80,
    132,
    7,
    90,
    30,
    10,
    21,
    47,
    99,
    111,
    115,
    109,
    111,
    115,
    46,
    116,
    120,
    46,
    118,
    49,
    98,
    101,
    116,
    97,
    49,
    46,
    84,
    120,
    18,
    5,
    10,
    20,
    30,
    40,
    50,
    98,
    20,
    50,
    48,
    50,
    53,
    45,
    48,
    52,
    45,
    50,
    51,
    84,
    49,
    55,
    58,
    48,
    48,
    58,
    48,
    48,
    90,
    106,
    53,
    10,
    15,
    116,
    120,
    95,
    114,
    101,
    115,
    117,
    108,
    116,
    95,
    101,
    118,
    101,
    110,
    116,
    18,
    34,
    10,
    13,
    116,
    120,
    95,
    114,
    101,
    115,
    117,
    108,
    116,
    95,
    107,
    101,
    121,
    18,
    15,
    116,
    120,
    95,
    114,
    101,
    115,
    117,
    108,
    116,
    95,
    118,
    97,
    108,
    117,
    101,
    24,
    1
  ]
}