{
  "req": "QueryBalanceRequest { address: \"axelar1q95p9fntvqn6jm9m0u5092pu9ulq3chn0zkuks\", denom: \"uaxl\" }",
  "res": "QueryBalanceResponse { balance: Some(Coin { denom: \"uaxl\", amount: \"1000000\" }) }",
  "req_bytes": [
    10,
    45,
    97,
    120,
    101,
    108,
    97,
    114,
    49,
    113,
    57,
    53,
    112,
    57,
    102,
    110,
    116,
    118,
    113,
    110,
    54,
    106,
    109,
    57,
    109,
    48,
    117,
    53,
    48,
    57,
    50,
    112,
    117,
    57,
    117,
    108,
    113,
    51,
    99,
    104,
    110,
    48,
    122,
    107,
    117,
    107,
    115,
    18,
    4,
    117,
    97,
    120,
    108
  ],
  "res_bytes": [
    10,
    15,
    10,
    4,
    117,
    97,
    120,
    108,
    18,
    7,
    49,
    48,
    48,
    48,
    48,
    48,
    48
  ]
}