[
  {
    "type": "link_token_started",
    "attributes": [
      {
        "key": "token_id",
        "value": "\"0101010101010101010101010101010101010101010101010101010101010101\""
      },
      {
        "key": "destination_chain",
        "value": "\"polygon\""
      },
      {
        "key": "token_manager_type",
        "value": "\"0\""
      },
      {
        "key": "source_token_address",
        "value": "\"aaaaaaaaaaaaaaaaaaaaaaaaaaaaaaaaaaaaaaaa\""
      },
      {
        "key": "destination_token_address",
        "value": "\"bbbbbbbbbbbbbbbbbbbbbbbbbbbbbbbbbbbbbbbb\""
      },
      {
        "key": "params",
        "value": "\"0102030405\""
      }
    ]
  },
  {
    "type": "link_token_started",
    "attributes": [
      {
        "key": "token_id",
        "value": "\"0202020202020202020202020202020202020202020202020202020202020202\""
      },
      {
        "key": "destination_chain",
        "value": "\"polygon\""
      },
      {
        "key": "token_manager_type",
        "value": "\"1\""
      },
      {
        "key": "source_token_address",
        "value": "\"1111111111111111111111111111111111111111111111111111111111111111\""
      },
      {
        "key": "destination_token_address",
        "value": "\"2222222222222222222222222222222222222222222222222222222222222222\""
      },
      {
        "key": "params",
        "value": "null"
      }
    ]
  },
  {
    "type": "link_token_started",
    "attributes": [
      {
        "key": "token_id",
        "value": "\"ffffffffffffffffffffffffffffffffffffffffffffffffffffffffffffffff\""
      },
      {
        "key": "destination_chain",
        "value": "\"polygon\""
      },
      {
        "key": "token_manager_type",
        "value": "\"2\""
      },
      {
        "key": "source_token_address",
        "value": "\"01\""
      },
      {
        "key": "destination_token_address",
        "value": "\"02\""
      },
      {
        "key": "params",
        "value": "\"deadbeef\""
      }
    ]
  }
]