[
  {
    "type": "message_received",
    "attributes": [
      {
        "key": "cc_id",
        "value": "{\"source_chain\":\"source\",\"message_id\":\"hash\"}"
      },
      {
        "key": "destination_chain",
        "value": "\"destination\""
      },
      {
        "key": "message",
        "value": "{\"interchain_transfer\":{\"token_id\":\"0101010101010101010101010101010101010101010101010101010101010101\",\"source_address\":\"0101010101010101010101010101010101010101010101010101010101010101\",\"destination_address\":\"01020304\",\"amount\":\"1\",\"data\":\"01020304\"}}"
      }
    ]
  },
  {
    "type": "message_received",
    "attributes": [
      {
        "key": "cc_id",
        "value": "{\"source_chain\":\"source\",\"message_id\":\"hash\"}"
      },
      {
        "key": "destination_chain",
        "value": "\"destination\""
      },
      {
        "key": "message",
        "value": "{\"deploy_interchain_token\":{\"token_id\":\"0101010101010101010101010101010101010101010101010101010101010101\",\"name\":\"Test\",\"symbol\":\"TST\",\"decimals\":18,\"minter\":\"0101010101010101010101010101010101010101010101010101010101010101\"}}"
      }
    ]
  }
]