# HELP blocks_received number of blocks received
# TYPE blocks_received counter
blocks_received 0
# HELP chain_handler_status handler configuration status per chain (up: 1, down: 0)
# TYPE chain_handler_status gauge
chain_handler_status{chain_name="ethereum"} 1
chain_handler_status{chain_name="sui"} 1
# HELP chains_configured_total number of chains with configured handlers
# TYPE chains_configured_total counter
chains_configured_total 2
