# HELP blocks_received number of blocks received.
# TYPE blocks_received counter
blocks_received_total 0
# HELP verification_votes number of verification votes on cross-chain messages.
# TYPE verification_votes counter
verification_votes_total{chain_name="avalanche",status="failed_on_chain"} 1
verification_votes_total{chain_name="avalanche",status="not_found"} 1
verification_votes_total{chain_name="avalanche",status="succeeded_on_chain"} 1
verification_votes_total{chain_name="ethereum",status="failed_on_chain"} 1
verification_votes_total{chain_name="ethereum",status="not_found"} 1
verification_votes_total{chain_name="ethereum",status="succeeded_on_chain"} 1
verification_votes_total{chain_name="polygon",status="failed_on_chain"} 1
verification_votes_total{chain_name="polygon",status="not_found"} 1
verification_votes_total{chain_name="polygon",status="succeeded_on_chain"} 1
verification_votes_total{chain_name="solana",status="failed_on_chain"} 1
verification_votes_total{chain_name="solana",status="not_found"} 1
verification_votes_total{chain_name="solana",status="succeeded_on_chain"} 1
verification_votes_total{chain_name="stellar",status="failed_on_chain"} 1
verification_votes_total{chain_name="stellar",status="not_found"} 1
verification_votes_total{chain_name="stellar",status="succeeded_on_chain"} 1
# HELP ampd_transaction_broadcast number of transactions broadcast by the ampd.
# TYPE ampd_transaction_broadcast counter
# HELP ampd_transaction_broadcast_duration_seconds Duration of transaction broadcast in seconds.
# TYPE ampd_transaction_broadcast_duration_seconds histogram
# HELP ampd_transaction_discovery_duration_seconds Duration of successful blockchain queries for transaction discovery in seconds.
# TYPE ampd_transaction_discovery_duration_seconds histogram
# HELP ampd_transaction_execution_results number of transaction execution results by status.
# TYPE ampd_transaction_execution_results counter
# EOF
