# HELP blocks_received number of blocks received.
# TYPE blocks_received counter
blocks_received_total 3
# HELP verifier_votes_successful number of successful votes casts by verifier.
# TYPE verifier_votes_successful counter
# HELP verifier_votes_failed number of failed votes by verifier (handler/broadcast errors).
# TYPE verifier_votes_failed counter
# HELP verifier_votes_success_rate success rate of votes casts by verifier.
# TYPE verifier_votes_success_rate gauge
# EOF
