# HELP blocks_received number of blocks received.
# TYPE blocks_received counter
blocks_received_total 3
# HELP verification_votes number of verification votes on cross-chain messages.
# TYPE verification_votes counter
# HELP ampd_transactions number of transactions processed by the ampd.
# TYPE ampd_transactions counter
# HELP ampd_transaction_duration_seconds Duration of transaction processing in seconds.
# TYPE ampd_transaction_duration_seconds histogram
# EOF
