# HELP blocks_received number of blocks received.
# TYPE blocks_received counter
blocks_received_total 3
# HELP vote_verification_succeeded_on_chain number of votes where poll messages were verified successfully on source chain (Vote::SucceededOnChain).
# TYPE vote_verification_succeeded_on_chain counter
# HELP vote_verification_failed_on_chain number of votes where poll messages were found but verification failed on source chain (Vote::FailedOnChain).
# TYPE vote_verification_failed_on_chain counter
# HELP vote_verification_not_found number of votes where poll messages were not found on source chain (Vote::NotFound).
# TYPE vote_verification_not_found counter
# EOF
