{
  "messages": [],
  "attributes": [],
  "events": [
    {
      "type": "its_contract_registered",
      "attributes": [
        {
          "key": "chain",
          "value": "ethereum"
        },
        {
          "key": "address",
          "value": "eth-address"
        }
      ]
    },
    {
      "type": "its_contract_registered",
      "attributes": [
        {
          "key": "chain",
          "value": "optimism"
        },
        {
          "key": "address",
          "value": "op-address"
        }
      ]
    }
  ],
  "data": null
}