failed to query xrpl voting verifier for messages status. messages: [UserMessage(XRPLUserMessage { tx_id: TxHash([0, 0, 0, 0, 0, 0, 0, 0, 0, 0, 0, 0, 0, 0, 0, 0, 0, 0, 0, 0, 0, 0, 0, 0, 0, 0, 0, 0, 0, 0, 0, 0]), source_address: XRPLAccountId([255, 255, 255, 255, 255, 255, 255, 255, 255, 255, 255, 255, 255, 255, 255, 255, 255, 255, 255, 255]), destination_chain: ChainName("eth"), destination_address: HexBinary(HexBinary(5678)), payload_hash: [0, 0, 0, 0, 0, 0, 0, 0, 0, 0, 0, 0, 0, 0, 0, 0, 0, 0, 0, 0, 0, 0, 0, 0, 0, 0, 0, 0, 0, 0, 0, 0], amount: Drops(200) })]