failed to query xrpl voting verifier for messages status. messages: [InterchainTransferMessage(XRPLInterchainTransferMessage { tx_id: HexTxHash { tx_hash: [0, 0, 0, 0, 0, 0, 0, 0, 0, 0, 0, 0, 0, 0, 0, 0, 0, 0, 0, 0, 0, 0, 0, 0, 0, 0, 0, 0, 0, 0, 0, 0] }, source_address: XRPLAccountId([255, 255, 255, 255, 255, 255, 255, 255, 255, 255, 255, 255, 255, 255, 255, 255, 255, 255, 255, 255]), destination_chain: ChainName("eth"), destination_address: String("5678"), payload_hash: None, transfer_amount: Drops(200), gas_fee_amount: Drops(200) })]