failed to query interchain transfer for message XRPLInterchainTransferMessage { tx_id: HexTxHash { tx_hash: [0, 0, 0, 0, 0, 0, 0, 0, 0, 0, 0, 0, 0, 0, 0, 0, 0, 0, 0, 0, 0, 0, 0, 0, 0, 0, 0, 0, 0, 0, 0, 0] }, source_address: XRPLAccountId([57, 101, 154, 170, 212, 220, 134, 3, 121, 131, 82, 252, 249, 84, 65, 154, 103, 151, 117, 54]), destination_chain: ChainNameRaw("Avalanche"), destination_address: String("95181d16cfb23Bc493668C17d973F061e30F2EAF"), payload_hash: None, transfer_amount: Drops(100000), gas_fee_amount: Drops(10) } with payload None